Starting overnight search at 05:41:46
Schedule: [9, 10, 11, 12, 13, 14, 15, 16, 17, 18, 19, 20, 21, 22, 23]
Output: outputs\exports\search_results
Win condition: loss < 1.0e-20
Near-miss condition: loss < 1.0e-06
Init mode: normal
Torch threads: intra_op=24 inter_op=1

[05:41:46] cycle=1 R=9 seed=0 elapsed=0.00h restarts=1 wins=0
  no win, best_loss=1.811386e+01 verified=1.811349e+01 max_abs=9.483e-01
[05:41:51] cycle=1 R=10 seed=1 elapsed=0.00h restarts=2 wins=0
  no win, best_loss=1.746695e+01 verified=1.746656e+01 max_abs=9.988e-01
[05:41:55] cycle=1 R=11 seed=2 elapsed=0.00h restarts=3 wins=0
  no win, best_loss=1.502158e+01 verified=1.502057e+01 max_abs=9.355e-01
[05:41:58] cycle=1 R=12 seed=3 elapsed=0.00h restarts=4 wins=0
  no win, best_loss=1.386152e+01 verified=1.386083e+01 max_abs=8.959e-01
[05:42:02] cycle=1 R=13 seed=4 elapsed=0.00h restarts=5 wins=0
  no win, best_loss=1.392631e+01 verified=1.392556e+01 max_abs=9.020e-01
[05:42:06] cycle=1 R=14 seed=5 elapsed=0.01h restarts=6 wins=0
  no win, best_loss=1.002974e+01 verified=1.002979e+01 max_abs=7.782e-01
[05:42:13] cycle=1 R=15 seed=6 elapsed=0.01h restarts=7 wins=0
  no win, best_loss=9.027964e+00 verified=9.028087e+00 max_abs=6.418e-01
[05:42:21] cycle=1 R=16 seed=7 elapsed=0.01h restarts=8 wins=0
  no win, best_loss=8.862918e+00 verified=8.862658e+00 max_abs=7.989e-01
[05:42:28] cycle=1 R=17 seed=8 elapsed=0.01h restarts=9 wins=0
  no win, best_loss=7.763573e+00 verified=7.766167e+00 max_abs=5.263e-01
[05:42:35] cycle=1 R=18 seed=9 elapsed=0.01h restarts=10 wins=0
  no win, best_loss=5.034264e+00 verified=5.034586e+00 max_abs=6.534e-01
[05:42:50] cycle=1 R=19 seed=10 elapsed=0.02h restarts=11 wins=0
  no win, best_loss=4.004125e+00 verified=4.004125e+00 max_abs=7.048e-01
[05:44:02] cycle=1 R=20 seed=11 elapsed=0.04h restarts=12 wins=0
  no win, best_loss=3.006213e+00 verified=3.006214e+00 max_abs=5.521e-01
[05:45:00] cycle=1 R=21 seed=12 elapsed=0.05h restarts=13 wins=0
  no win, best_loss=3.006525e+00 verified=3.006525e+00 max_abs=4.991e-01
[05:46:13] cycle=1 R=22 seed=13 elapsed=0.07h restarts=14 wins=0
  no win, best_loss=2.003991e+00 verified=2.003991e+00 max_abs=3.316e-01
[05:47:26] cycle=1 R=23 seed=14 elapsed=0.09h restarts=15 wins=0
  no win, best_loss=1.117874e-01 verified=1.118856e-01 max_abs=4.549e-02
[05:47:41] cycle=2 R=9 seed=15 elapsed=0.10h restarts=16 wins=0
  no win, best_loss=1.689143e+01 verified=1.689101e+01 max_abs=1.000e+00
[05:47:44] cycle=2 R=10 seed=16 elapsed=0.10h restarts=17 wins=0
  no win, best_loss=1.719575e+01 verified=1.719540e+01 max_abs=9.467e-01
[05:47:48] cycle=2 R=11 seed=17 elapsed=0.10h restarts=18 wins=0
  no win, best_loss=1.646824e+01 verified=1.646790e+01 max_abs=9.255e-01
[05:47:51] cycle=2 R=12 seed=18 elapsed=0.10h restarts=19 wins=0
  no win, best_loss=1.517831e+01 verified=1.517756e+01 max_abs=8.137e-01
[05:47:55] cycle=2 R=13 seed=19 elapsed=0.10h restarts=20 wins=0
  no win, best_loss=1.381851e+01 verified=1.381861e+01 max_abs=8.618e-01

  --- Summary: 20 restarts in 0.10h (193.3/h), 0 wins ---
  Best loss per R: {"9": "1.69e+01", "10": "1.72e+01", "11": "1.50e+01", "12": "1.39e+01", "13": "1.38e+01", "14": "1.00e+01", "15": "9.03e+00", "16": "8.86e+00", "17": "7.76e+00", "18": "5.03e+00", "19": "4.00e+00", "20": "3.01e+00", "21": "3.01e+00", "22": "2.00e+00", "23": "1.12e-01"}

[05:47:59] cycle=2 R=14 seed=20 elapsed=0.10h restarts=21 wins=0
  no win, best_loss=1.058236e+01 verified=1.058169e+01 max_abs=8.949e-01
[05:48:06] cycle=2 R=15 seed=21 elapsed=0.11h restarts=22 wins=0
  no win, best_loss=8.053515e+00 verified=8.053544e+00 max_abs=6.823e-01
[05:48:13] cycle=2 R=16 seed=22 elapsed=0.11h restarts=23 wins=0
  no win, best_loss=8.133941e+00 verified=8.133803e+00 max_abs=7.252e-01
[05:48:20] cycle=2 R=17 seed=23 elapsed=0.11h restarts=24 wins=0
  no win, best_loss=8.181648e+00 verified=8.184942e+00 max_abs=7.991e-01
[05:48:28] cycle=2 R=18 seed=24 elapsed=0.11h restarts=25 wins=0
  no win, best_loss=6.043489e+00 verified=6.043511e+00 max_abs=6.473e-01
[05:48:42] cycle=2 R=19 seed=25 elapsed=0.12h restarts=26 wins=0
  no win, best_loss=3.089663e+00 verified=3.089697e+00 max_abs=5.004e-01
[05:49:58] cycle=2 R=20 seed=26 elapsed=0.14h restarts=27 wins=0
